../Core/Src/A7670xx.c:49:6:A7670xx_setBaudRate	48	static
../Core/Src/A7670xx.c:65:6:A7670xx_disableEcho	32	static
../Core/Src/A7670xx.c:76:7:A7670xx_thereisSIMCard	32	static
../Core/Src/A7670xx.c:120:7:A7670xx_IsRegistered	32	static
../Core/Src/A7670xx.c:152:7:A7670xx_getMobileOperator	40	static
../Core/Src/A7670xx.c:205:7:A7670xx_getICCID	32	static
../Core/Src/A7670xx.c:247:7:A7670xx_getMobileNumber	40	static
../Core/Src/A7670xx.c:290:7:A7670xx_networkStatus	32	static
../Core/Src/A7670xx.c:321:7:A7670xx_getIPSIM	40	static
../Core/Src/A7670xx.c:369:6:A7670xx_networkStatusIT	16	static
../Core/Src/A7670xx.c:378:6:A7670xx_smsMessageMode	32	static
../Core/Src/A7670xx.c:391:6:A7670xx_smsSendMessage	32	static
../Core/Src/A7670xx.c:411:6:A7670xx_tcpipEnable	72	static
../Core/Src/A7670xx.c:424:10:A7670xx_tcpipSocketConfigure	96	static
../Core/Src/A7670xx.c:474:7:A7670xx_tcpipSocketsData	24	static
../Core/Src/A7670xx.c:491:6:A7670xx_tcpipSendData	72	static
../Core/Src/A7670xx.c:516:9:A7670xx_httpEnable	136	static
../Core/Src/A7670xx.c:542:6:A7670xx_httpPOST	312	static
../Core/Src/A7670xx.c:573:6:A7670xx_gnssConfigure	112	static
../Core/Src/A7670xx.c:618:7:A7670xx_gnssGetData	32	static
